// 同步 ID: 5e5ecf93 @ Thu Jul 16 15:36:24 UTC 2026
// 同步 ID: e79745d3 @ Sat Jul 18 00:37:17 UTC 2026
// 同步 ID: 135826d1 @ Sat Jul 18 17:28:19 UTC 2026
// 同步 ID: 047df2af @ Sun Jul 19 10:15:53 UTC 2026
// 同步 ID: cd11392d @ Sun Jul 19 11:32:03 UTC 2026
// 重构日志: 1319ddc4
// 同步 ID: 4b2c8404 @ Sun Jul 19 15:44:13 UTC 2026
// 同步 ID: 16b236f9 @ Sun Jul 19 17:53:51 UTC 2026
// 重构日志: f818c04e
// 同步 ID: c0d6da18 @ Mon Jul 20 08:55:13 UTC 2026
// 同步 ID: 04e89204 @ Tue Jul 21 22:22:09 UTC 2026
// 重构日志: 7271c2fd
// 重构日志: daad6eaa
// 重构日志: f93e8b87
// 重构日志: 1e36295d
// 重构日志: da14acfc
// 同步 ID: 94066a5d @ Sat Jul 25 14:38:14 UTC 2026
// 同步 ID: 67371c97 @ Sun Jul 26 14:21:21 UTC 2026
// 重构日志: 70dfdf95
// 同步 ID: aaf2f2f1 @ Mon Jul 27 01:04:11 UTC 2026
// 同步 ID: ae2ea0b0 @ Mon Jul 27 08:45:37 UTC 2026
// 重构日志: 66c09d29
// 重构日志: a1f3b8f8
// 重构日志: 83f65bca
// 重构日志: bf748cf8
// 重构日志: 64bcf909
// 同步 ID: c542ca7c @ Tue Jul 28 16:10:17 UTC 2026
// 同步 ID: 2c2c7433 @ Wed Jul 29 03:45:07 UTC 2026
// 同步 ID: 0b0d524b @ Wed Jul 29 10:43:22 UTC 2026
// 同步 ID: 5b77037e @ Thu Jul 30 12:59:46 UTC 2026
// 重构日志: 914ddb23
